18:06:48 **** Incremental Build of configuration Debug for project EsameElettronica ****
make -j16 all 
arm-none-eabi-gcc "../Core/Src/main.c" -mcpu=cortex-m4 -std=gnu11 -g3 -DDEBUG -DUSE_HAL_DRIVER -DSTM32L475xx -c -I../Core/Inc -I../Drivers/STM32L4xx_HAL_Driver/Inc -I../Drivers/STM32L4xx_HAL_Driver/Inc/Legacy -I../Drivers/CMSIS/Device/ST/STM32L4xx/Include -I../Drivers/CMSIS/Include -O0 -ffunction-sections -fdata-sections -Wall -fstack-usage -fcyclomatic-complexity -MMD -MP -MF"Core/Src/main.d" -MT"Core/Src/main.o" --specs=nano.specs -mfpu=fpv4-sp-d16 -mfloat-abi=hard -mthumb -o "Core/Src/main.o"
arm-none-eabi-gcc -o "EsameElettronica.elf" @"objects.list"   -mcpu=cortex-m4 -T"C:\Users\pc\Desktop\STM32 Workspace\EsameElettronica\STM32L475VGTX_FLASH.ld" --specs=nosys.specs -Wl,-Map="EsameElettronica.map" -Wl,--gc-sections -static --specs=nano.specs -mfpu=fpv4-sp-d16 -mfloat-abi=hard -mthumb -Wl,--start-group -lc -lm -Wl,--end-group
Finished building target: EsameElettronica.elf
 
arm-none-eabi-size  EsameElettronica.elf 
arm-none-eabi-objdump -h -S EsameElettronica.elf  > "EsameElettronica.list"
   text	   data	    bss	    dec	    hex	filename
  12432	     12	   1732	  14176	   3760	EsameElettronica.elf
Finished building: default.size.stdout
 
Finished building: EsameElettronica.list
 

18:06:50 Build Finished. 0 errors, 0 warnings. (took 1s.686ms)

